Archive member included because of file (symbol)

C:\Users\Leo\Documents\LPCXpresso_8.0.0_526\workspace\lpc_chip_43xx\Debug\liblpc_chip_43xx.a(chip_18xx_43xx.o)
                              ./src/TecladoMatricial.o (SystemCoreClockUpdate)
C:\Users\Leo\Documents\LPCXpresso_8.0.0_526\workspace\lpc_chip_43xx\Debug\liblpc_chip_43xx.a(clock_18xx_43xx.o)
                              C:\Users\Leo\Documents\LPCXpresso_8.0.0_526\workspace\lpc_chip_43xx\Debug\liblpc_chip_43xx.a(chip_18xx_43xx.o) (Chip_Clock_GetClockInputHz)
C:\Users\Leo\Documents\LPCXpresso_8.0.0_526\workspace\lpc_chip_43xx\Debug\liblpc_chip_43xx.a(fpu_init.o)
                              ./src/sysinit.o (fpuInit)
C:\Users\Leo\Documents\LPCXpresso_8.0.0_526\workspace\lpc_chip_43xx\Debug\liblpc_chip_43xx.a(gpio_18xx_43xx.o)
                              ./src/puertos.o (Chip_GPIO_SetPinDIR)
C:\Users\Leo\Documents\LPCXpresso_8.0.0_526\workspace\lpc_chip_43xx\Debug\liblpc_chip_43xx.a(sysinit_18xx_43xx.o)
                              ./src/setupDriver.o (Chip_SetupCoreClock)
c:/nxp/lpcxpresso_8.0.0_526/lpcxpresso/tools/bin/../lib/gcc/arm-none-eabi/4.9.3/../../../../arm-none-eabi/lib/armv7e-m/softfp\libcr_c.a(__weak__main.o)
                              ./src/cr_startup_lpc43xx.o (__main)

Allocating common symbols
Common symbol       size              file

j                   0x4               ./src/TecladoMatricial.o
SystemCoreClock     0x4               C:\Users\Leo\Documents\LPCXpresso_8.0.0_526\workspace\lpc_chip_43xx\Debug\liblpc_chip_43xx.a(chip_18xx_43xx.o)
data                0x6               ./src/lcd.o

Discarded input sections

 .group         0x00000000        0x8 ./src/Teclado.o
 .group         0x00000000        0x8 ./src/Teclado.o
 .group         0x00000000        0x8 ./src/Teclado.o
 .group         0x00000000        0x8 ./src/Teclado.o
 .group         0x00000000        0x8 ./src/Teclado.o
 .group         0x00000000        0x8 ./src/Teclado.o
 .group         0x00000000        0x8 ./src/Teclado.o
 .group         0x00000000        0x8 ./src/Teclado.o
 .group         0x00000000        0x8 ./src/Teclado.o
 .group         0x00000000        0x8 ./src/Teclado.o
 .group         0x00000000        0x8 ./src/Teclado.o
 .group         0x00000000        0x8 ./src/Teclado.o
 .group         0x00000000        0x8 ./src/Teclado.o
 .group         0x00000000        0x8 ./src/Teclado.o
 .group         0x00000000        0x8 ./src/Teclado.o
 .group         0x00000000        0x8 ./src/Teclado.o
 .group         0x00000000        0x8 ./src/Teclado.o
 .group         0x00000000        0x8 ./src/Teclado.o
 .group         0x00000000        0x8 ./src/Teclado.o
 .group         0x00000000        0x8 ./src/Teclado.o
 .group         0x00000000        0x8 ./src/Teclado.o
 .group         0x00000000        0x8 ./src/Teclado.o
 .group         0x00000000        0x8 ./src/Teclado.o
 .group         0x00000000        0x8 ./src/Teclado.o
 .group         0x00000000        0x8 ./src/Teclado.o
 .group         0x00000000        0x8 ./src/Teclado.o
 .group         0x00000000        0x8 ./src/Teclado.o
 .group         0x00000000        0x8 ./src/Teclado.o
 .group         0x00000000        0x8 ./src/Teclado.o
 .group         0x00000000        0x8 ./src/Teclado.o
 .group         0x00000000        0x8 ./src/Teclado.o
 .group         0x00000000        0x8 ./src/Teclado.o
 .group         0x00000000        0x8 ./src/Teclado.o
 .group         0x00000000        0x8 ./src/Teclado.o
 .group         0x00000000        0x8 ./src/Teclado.o
 .group         0x00000000        0x8 ./src/Teclado.o
 .group         0x00000000        0x8 ./src/Teclado.o
 .group         0x00000000        0x8 ./src/Teclado.o
 .group         0x00000000        0x8 ./src/Teclado.o
 .group         0x00000000        0x8 ./src/Teclado.o
 .group         0x00000000        0x8 ./src/Teclado.o
 .group         0x00000000        0x8 ./src/Teclado.o
 .group         0x00000000        0x8 ./src/Teclado.o
 .group         0x00000000        0x8 ./src/Teclado.o
 .group         0x00000000        0x8 ./src/Teclado.o
 .group         0x00000000        0x8 ./src/Teclado.o
 .group         0x00000000        0x8 ./src/Teclado.o
 .group         0x00000000        0x8 ./src/Teclado.o
 .group         0x00000000        0x8 ./src/Teclado.o
 .group         0x00000000        0x8 ./src/Teclado.o
 .text          0x00000000        0x0 ./src/Teclado.o
 .data          0x00000000        0x0 ./src/Teclado.o
 .bss           0x00000000        0x0 ./src/Teclado.o
 .text.Board_KEYBOARD_enable
                0x00000000       0x18 ./src/Teclado.o
 .text.Board_KEYBOARD_disable
                0x00000000       0x18 ./src/Teclado.o
 .group         0x00000000        0x8 ./src/TecladoMatricial.o
 .group         0x00000000        0x8 ./src/TecladoMatricial.o
 .group         0x00000000        0x8 ./src/TecladoMatricial.o
 .group         0x00000000        0x8 ./src/TecladoMatricial.o
 .group         0x00000000        0x8 ./src/TecladoMatricial.o
[...]
Memory Configuration

Name             Origin             Length             Attributes
MFlashA512       0x1a000000         0x00080000         xr
MFlashB512       0x1b000000         0x00080000         xr
RamLoc32         0x10000000         0x00008000         xrw
RamLoc40         0x10080000         0x0000a000         xrw
RamAHB32         0x20000000         0x00008000         xrw
RamAHB16         0x20008000         0x00004000         xrw
RamAHB_ETB16     0x2000c000         0x00004000         xrw
*default*        0x00000000         0xffffffff

Linker script and memory map

LOAD ./src/Teclado.o
LOAD ./src/TecladoMatricial.o
LOAD ./src/cr_startup_lpc43xx.o
LOAD ./src/crp.o
LOAD ./src/lcd.o
LOAD ./src/leds.o
LOAD ./src/puertos.o
LOAD ./src/pulsadores.o
LOAD ./src/setupDriver.o
LOAD ./src/sysinit.o
LOAD C:\Users\Leo\Documents\LPCXpresso_8.0.0_526\workspace\lpc_chip_43xx\Debug\liblpc_chip_43xx.a
START GROUP
LOAD c:/nxp/lpcxpresso_8.0.0_526/lpcxpresso/tools/bin/../lib/gcc/arm-none-eabi/4.9.3/../../../../arm-none-eabi/lib/armv7e-m/softfp\libcr_c.a
LOAD c:/nxp/lpcxpresso_8.0.0_526/lpcxpresso/tools/bin/../lib/gcc/arm-none-eabi/4.9.3/armv7e-m/softfp\libcr_eabihelpers.a
END GROUP
                0x1a000000                __base_MFlashA512 = 0x1a000000
                0x1a000000                __base_Flash = 0x1a000000
                0x1a080000                __top_MFlashA512 = 0x1a080000
                0x1a080000                __top_Flash = 0x1a080000
                0x1b000000                __base_MFlashB512 = 0x1b000000
                0x1b000000                __base_Flash2 = 0x1b000000
                0x1b080000                __top_MFlashB512 = 0x1b080000
                0x1b080000                __top_Flash2 = 0x1b080000
                0x10000000                __base_RamLoc32 = 0x10000000
                0x10000000                __base_RAM = 0x10000000
                0x10008000                __top_RamLoc32 = 0x10008000
                0x10008000                __top_RAM = 0x10008000
                0x10080000                __base_RamLoc40 = 0x10080000
                0x10080000                __base_RAM2 = 0x10080000
                0x1008a000                __top_RamLoc40 = 0x1008a000
                0x1008a000                __top_RAM2 = 0x1008a000
                0x20000000                __base_RamAHB32 = 0x20000000
                0x20000000                __base_RAM3 = 0x20000000
                0x20008000                __top_RamAHB32 = 0x20008000
                0x20008000                __top_RAM3 = 0x20008000
                0x20008000                __base_RamAHB16 = 0x20008000
                0x20008000                __base_RAM4 = 0x20008000
                0x2000c000                __top_RamAHB16 = 0x2000c000
                0x2000c000                __top_RAM4 = 0x2000c000
                0x2000c000                __base_RamAHB_ETB16 = 0x2000c000
                0x2000c000                __base_RAM5 = 0x2000c000
                0x20010000                __top_RamAHB_ETB16 = 0x20010000
                0x20010000                __top_RAM5 = 0x20010000

.text_Flash2    0x1b000000        0x0
 FILL mask 0xff
 *(.text_Flash2*)
 *(.text_MFlashB512*)
 *(.text.$Flash2*)
 *(.text.$MFlashB512*)
 *(.rodata.$Flash2*)
 *(.rodata.$MFlashB512*)

.text           0x1a000000     0x376c
 FILL mask 0xff
                0x1a000000                __vectors_start__ = ABSOLUTE (.)
 *(.isr_vector)
 .isr_vector    0x1a000000      0x114 ./src/cr_startup_lpc43xx.o
                0x1a000000                g_pfnVectors
                0x1a000114                . = ALIGN (0x4)
                0x1a000114                __section_table_start = .
                0x1a000114                __data_section_table = .
                0x1a000114        0x4 LONG 0x1a00376c LOADADDR (.data)
                0x1a000118        0x4 LONG 0x10000000 ADDR (.data)
                0x1a00011c        0x4 LONG 0x2c SIZEOF (.data)
                0x1a000120        0x4 LONG 0x1a00376c LOADADDR (.data_RAM2)
                0x1a000124        0x4 LONG 0x10080000 ADDR (.data_RAM2)
                0x1a000128        0x4 LONG 0x0 SIZEOF (.data_RAM2)
                0x1a00012c        0x4 LONG 0x1a00376c LOADADDR (.data_RAM3)
                0x1a000130        0x4 LONG 0x20000000 ADDR (.data_RAM3)
                0x1a000134        0x4 LONG 0x0 SIZEOF (.data_RAM3)
                0x1a000138        0x4 LONG 0x1a00376c LOADADDR (.data_RAM4)
                0x1a00013c        0x4 LONG 0x20008000 ADDR (.data_RAM4)
                0x1a000140        0x4 LONG 0x0 SIZEOF (.data_RAM4)
                0x1a000144        0x4 LONG 0x1a00376c LOADADDR (.data_RAM5)
                0x1a000148        0x4 LONG 0x2000c000 ADDR (.data_RAM5)
                0x1a00014c        0x4 LONG 0x0 SIZEOF (.data_RAM5)
                0x1a000150                __data_section_table_end = .
                0x1a000150                __bss_section_table = .
                0x1a000150        0x4 LONG 0x1000002c ADDR (.bss)
                0x1a000154        0x4 LONG 0x68 SIZEOF (.bss)
                0x1a000158        0x4 LONG 0x10080000 ADDR (.bss_RAM2)
                0x1a00015c        0x4 LONG 0x0 SIZEOF (.bss_RAM2)
                0x1a000160        0x4 LONG 0x20000000 ADDR (.bss_RAM3)
                0x1a000164        0x4 LONG 0x0 SIZEOF (.bss_RAM3)
                0x1a000168        0x4 LONG 0x20008000 ADDR (.bss_RAM4)
                0x1a00016c        0x4 LONG 0x0 SIZEOF (.bss_RAM4)
                0x1a000170        0x4 LONG 0x2000c000 ADDR (.bss_RAM5)
                0x1a000174        0x4 LONG 0x0 SIZEOF (.bss_RAM5)
                0x1a000178                __bss_section_table_end = .
                0x1a000178                __section_table_end = .
 *(.after_vectors*)
 .after_vectors
                0x1a000178       0xcc ./src/cr_startup_lpc43xx.o
                0x1a000178                data_init
                0x1a0001bc                bss_init
                0x1a0001f4                NMI_Handler
                0x1a0001fc                HardFault_Handler
                0x1a000204                MemManage_Handler
                0x1a00020c                BusFault_Handler
                0x1a000214                UsageFault_Handler
                0x1a00021c                SVC_Handler
                0x1a000224                DebugMon_Handler
                0x1a00022c                PendSV_Handler
                0x1a000234                SysTick_Handler
                0x1a00023c                ATIMER_IRQHandler
                0x1a00023c                I2C1_IRQHandler
                0x1a00023c                UART1_IRQHandler
                0x1a00023c                GPIO5_IRQHandler
                0x1a00023c                CAN1_IRQHandler
                0x1a00023c                USB1_IRQHandler
                0x1a00023c                I2S0_IRQHandler
                0x1a00023c                TIMER3_IRQHandler
                0x1a00023c                UART0_IRQHandler
                0x1a00023c                I2C0_IRQHandler
                0x1a00023c                SGPIO_IRQHandler
                0x1a00023c                FLASH_EEPROM_IRQHandler
                0x1a00023c                ADCHS_IRQHandler
                0x1a00023c                GPIO6_IRQHandler
                0x1a00023c                IntDefaultHandler
                0x1a00023c                GPIO1_IRQHandler
                0x1a00023c                SSP0_IRQHandler
                0x1a00023c                ADC1_IRQHandler
                0x1a00023c                RTC_IRQHandler
                0x1a00023c                TIMER0_IRQHandler
                0x1a00023c                SPI_IRQHandler
                0x1a00023c                LCD_IRQHandler
                0x1a00023c                RIT_IRQHandler
                0x1a00023c                TIMER1_IRQHandler
                0x1a00023c                UART2_IRQHandler
                0x1a00023c                GPIO2_IRQHandler
                0x1a00023c                I2S1_IRQHandler
                0x1a00023c                SSP1_IRQHandler
                0x1a00023c                USB0_IRQHandler
                0x1a00023c                GPIO3_IRQHandler
                0x1a00023c                SCT_IRQHandler
                0x1a00023c                SDIO_IRQHandler
                0x1a00023c                WDT_IRQHandler
                0x1a00023c                ADC0_IRQHandler
                0x1a00023c                GPIO7_IRQHandler
                0x1a00023c                SPIFI_IRQHandler
                0x1a00023c                QEI_IRQHandler
                0x1a00023c                ETH_IRQHandler
                0x1a00023c                CAN0_IRQHandler
                0x1a00023c                GINT0_IRQHandler
                0x1a00023c                DAC_IRQHandler
                0x1a00023c                M0SUB_IRQHandler
                0x1a00023c                GPIO0_IRQHandler
                0x1a00023c                DMA_IRQHandler
                0x1a00023c                EVRT_IRQHandler
                0x1a00023c                TIMER2_IRQHandler
                0x1a00023c                UART3_IRQHandler
                0x1a00023c                MCPWM_IRQHandler
                0x1a00023c                M0APP_IRQHandler
                0x1a00023c                GINT1_IRQHandler
                0x1a00023c                GPIO4_IRQHandler
                0x000002fc                . = 0x2fc
 *fill*         0x1a000244       0xb8 ff
                0x1a0002fc                PROVIDE (__CRP_WORD_START__, .)
 *(.crp)
 .crp           0x1a0002fc        0x4 ./src/crp.o
                0x1a0002fc                CRP_WORD
                0x1a000300                PROVIDE (__CRP_WORD_END__, .)
                0x00000001                ASSERT (! ((__CRP_WORD_START__ == __CRP_WORD_END__)), Linker CRP Enabled, but no CRP_WORD provided within application)
 *(.text*)
 .text.Chip_SCU_PinMuxSet
                0x1a000300       0x30 ./src/Teclado.o
 .text.Chip_GPIO_GetPinState
                0x1a000330       0x38 ./src/Teclado.o
 .text.Chip_GPIO_SetPinDIROutput
                0x1a000368       0x3c ./src/Teclado.o
 .text.Chip_GPIO_SetPinDIRInput
                0x1a0003a4       0x40 ./src/Teclado.o
 .text.Chip_GPIO_SetPinOutHigh
                0x1a0003e4       0x30 ./src/Teclado.o
 .text.Chip_GPIO_SetPinOutLow
                0x1a000414       0x30 ./src/Teclado.o
 .text.Board_KEYBOARD_Init
                0x1a000444      0x208 ./src/Teclado.o
                0x1a000444                Board_KEYBOARD_Init
 .text.Board_KEYBOARD_tick_ms
                0x1a00064c      0x12c ./src/Teclado.o
                0x1a00064c                Board_KEYBOARD_tick_ms
 .text.Board_KEYBOARD_readMatrix
                0x1a000778       0x38 ./src/Teclado.o
                0x1a000778                Board_KEYBOARD_readMatrix
 .text.main     0x1a0007b0      0x178 ./src/TecladoMatricial.o
                0x1a0007b0                main
 .text.ResetISR
                0x1a000928       0xc4 ./src/cr_startup_lpc43xx.o
                0x1a000928                ResetISR
 .text.lcd_init_port
                0x1a0009ec       0x50 ./src/lcd.o
                0x1a0009ec                lcd_init_port
 .text.lcd_init
                0x1a000a3c      0x3b0 ./src/lcd.o
                0x1a000a3c                lcd_init
 .text.lcd_gotoxy
                0x1a000dec       0xdc ./src/lcd.o
                0x1a000dec                lcd_gotoxy
 .text.lcd_putc
                0x1a000ec8      0x138 ./src/lcd.o
                0x1a000ec8                lcd_putc
 .text.enviar_lcd
                0x1a001000       0xd8 ./src/lcd.o
                0x1a001000                enviar_lcd
 .text.printf_lcd
                0x1a0010d8       0x34 ./src/lcd.o
                0x1a0010d8                printf_lcd
 .text.delay    0x1a00110c       0x34 ./src/lcd.o
                0x1a00110c                delay
 .text.leds_init
                0x1a001140       0x98 ./src/leds.o
                0x1a001140                leds_init
 .text.Chip_SCU_PinMuxSet
                0x1a0011d8       0x30 ./src/puertos.o
 .text.Chip_SCU_PinMux
                0x1a001208       0x3c ./src/puertos.o
 .text.Chip_GPIO_ReadPortBit
                0x1a001244       0x34 ./src/puertos.o
 .text.Chip_GPIO_SetPinOutHigh
                0x1a001278       0x30 ./src/puertos.o
 .text.Chip_GPIO_SetPinOutLow
                0x1a0012a8       0x30 ./src/puertos.o
 .text.port_pin
                0x1a0012d8     0x19a4 ./src/puertos.o
                0x1a0012d8                port_pin
 .text.SystemInit
                0x1a002c7c       0x28 ./src/sysinit.o
                0x1a002c7c                SystemInit
 .text.SystemCoreClockUpdate
                0x1a002ca4       0x18 C:\Users\Leo\Documents\LPCXpresso_8.0.0_526\workspace\lpc_chip_43xx\Debug\liblpc_chip_43xx.a(chip_18xx_43xx.o)
                0x1a002ca4                SystemCoreClockUpdate
 .text.Chip_Clock_TestMainPLLMultiplier
                0x1a002cbc       0x48 C:\Users\Leo\Documents\LPCXpresso_8.0.0_526\workspace\lpc_chip_43xx\Debug\liblpc_chip_43xx.a(clock_18xx_43xx.o)
 .text.Chip_Clock_GetDivRate
                0x1a002d04       0x40 C:\Users\Leo\Documents\LPCXpresso_8.0.0_526\workspace\lpc_chip_43xx\Debug\liblpc_chip_43xx.a(clock_18xx_43xx.o)
 .text.Chip_Clock_FindBaseClock
                0x1a002d44       0x88 C:\Users\Leo\Documents\LPCXpresso_8.0.0_526\workspace\lpc_chip_43xx\Debug\liblpc_chip_43xx.a(clock_18xx_43xx.o)
 .text.Chip_Clock_EnableCrystal
                0x1a002dcc       0x6c C:\Users\Leo\Documents\LPCXpresso_8.0.0_526\workspace\lpc_chip_43xx\Debug\liblpc_chip_43xx.a(clock_18xx_43xx.o)
                0x1a002dcc                Chip_Clock_EnableCrystal
 .text.Chip_Clock_SetupMainPLLHz
                0x1a002e38      0x128 C:\Users\Leo\Documents\LPCXpresso_8.0.0_526\workspace\lpc_chip_43xx\Debug\liblpc_chip_43xx.a(clock_18xx_43xx.o)
                0x1a002e38                Chip_Clock_SetupMainPLLHz
 .text.Chip_Clock_SetupMainPLLMult
                0x1a002f60       0xfc C:\Users\Leo\Documents\LPCXpresso_8.0.0_526\workspace\lpc_chip_43xx\Debug\liblpc_chip_43xx.a(clock_18xx_43xx.o)
                0x1a002f60                Chip_Clock_SetupMainPLLMult
 .text.Chip_Clock_GetMainPLLHz
                0x1a00305c       0xc0 C:\Users\Leo\Documents\LPCXpresso_8.0.0_526\workspace\lpc_chip_43xx\Debug\liblpc_chip_43xx.a(clock_18xx_43xx.o)
                0x1a00305c                Chip_Clock_GetMainPLLHz
 .text.Chip_Clock_DisableMainPLL
                0x1a00311c       0x1c C:\Users\Leo\Documents\LPCXpresso_8.0.0_526\workspace\lpc_chip_43xx\Debug\liblpc_chip_43xx.a(clock_18xx_43xx.o)
                0x1a00311c                Chip_Clock_DisableMainPLL
 .text.Chip_Clock_GetDividerSource
                0x1a003138       0x40 C:\Users\Leo\Documents\LPCXpresso_8.0.0_526\workspace\lpc_chip_43xx\Debug\liblpc_chip_43xx.a(clock_18xx_43xx.o)
                0x1a003138                Chip_Clock_GetDividerSource
 .text.Chip_Clock_GetDividerDivisor
                0x1a003178       0x38 C:\Users\Leo\Documents\LPCXpresso_8.0.0_526\workspace\lpc_chip_43xx\Debug\liblpc_chip_43xx.a(clock_18xx_43xx.o)
                0x1a003178                Chip_Clock_GetDividerDivisor
 .text.Chip_Clock_GetClockInputHz
                0x1a0031b0      0x140 C:\Users\Leo\Documents\LPCXpresso_8.0.0_526\workspace\lpc_chip_43xx\Debug\liblpc_chip_43xx.a(clock_18xx_43xx.o)
                0x1a0031b0                Chip_Clock_GetClockInputHz
 .text.Chip_Clock_GetBaseClocktHz
                0x1a0032f0       0x24 C:\Users\Leo\Documents\LPCXpresso_8.0.0_526\workspace\lpc_chip_43xx\Debug\liblpc_chip_43xx.a(clock_18xx_43xx.o)
                0x1a0032f0                Chip_Clock_GetBaseClocktHz
 .text.Chip_Clock_SetBaseClock
                0x1a003314       0x9c C:\Users\Leo\Documents\LPCXpresso_8.0.0_526\workspace\lpc_chip_43xx\Debug\liblpc_chip_43xx.a(clock_18xx_43xx.o)
                0x1a003314                Chip_Clock_SetBaseClock
 .text.Chip_Clock_GetBaseClock
                0x1a0033b0       0x4c C:\Users\Leo\Documents\LPCXpresso_8.0.0_526\workspace\lpc_chip_43xx\Debug\liblpc_chip_43xx.a(clock_18xx_43xx.o)
                0x1a0033b0                Chip_Clock_GetBaseClock
 .text.Chip_Clock_GetRate
                0x1a0033fc       0x88 C:\Users\Leo\Documents\LPCXpresso_8.0.0_526\workspace\lpc_chip_43xx\Debug\liblpc_chip_43xx.a(clock_18xx_43xx.o)
                0x1a0033fc                Chip_Clock_GetRate
 .text.fpuInit  0x1a003484       0x74 C:\Users\Leo\Documents\LPCXpresso_8.0.0_526\workspace\lpc_chip_43xx\Debug\liblpc_chip_43xx.a(fpu_init.o)
                0x1a003484                fpuInit
 .text.Chip_GPIO_SetPinDIROutput
                0x1a0034f8       0x3c C:\Users\Leo\Documents\LPCXpresso_8.0.0_526\workspace\lpc_chip_43xx\Debug\liblpc_chip_43xx.a(gpio_18xx_43xx.o)
 .text.Chip_GPIO_SetPinDIRInput
                0x1a003534       0x40 C:\Users\Leo\Documents\LPCXpresso_8.0.0_526\workspace\lpc_chip_43xx\Debug\liblpc_chip_43xx.a(gpio_18xx_43xx.o)
 .text.Chip_GPIO_SetPinDIR
                0x1a003574       0x44 C:\Users\Leo\Documents\LPCXpresso_8.0.0_526\workspace\lpc_chip_43xx\Debug\liblpc_chip_43xx.a(gpio_18xx_43xx.o)
                0x1a003574                Chip_GPIO_SetPinDIR
 .text.Chip_SetupCoreClock
                0x1a0035b8       0xb8 C:\Users\Leo\Documents\LPCXpresso_8.0.0_526\workspace\lpc_chip_43xx\Debug\liblpc_chip_43xx.a(sysinit_18xx_43xx.o)
                0x1a0035b8                Chip_SetupCoreClock
 .text.Chip_SetupIrcClocking
                0x1a003670       0x14 C:\Users\Leo\Documents\LPCXpresso_8.0.0_526\workspace\lpc_chip_43xx\Debug\liblpc_chip_43xx.a(sysinit_18xx_43xx.o)
                0x1a003670                Chip_SetupIrcClocking
 .text.Chip_SystemInit
                0x1a003684        0xc C:\Users\Leo\Documents\LPCXpresso_8.0.0_526\workspace\lpc_chip_43xx\Debug\liblpc_chip_43xx.a(sysinit_18xx_43xx.o)
                0x1a003684                Chip_SystemInit
 .text.__weak_main
                0x1a003690        0x4 c:/nxp/lpcxpresso_8.0.0_526/lpcxpresso/tools/bin/../lib/gcc/arm-none-eabi/4.9.3/../../../../arm-none-eabi/lib/armv7e-m/softfp\libcr_c.a(__weak__main.o)
                0x1a003690                __weak_main
                0x1a003690                __main
 *(.rodata .rodata.* .constdata .constdata.*)
 .rodata        0x1a003694        0xe ./src/TecladoMatricial.o
 *fill*         0x1a0036a2        0x2 
 .rodata.ExtRateIn
                0x1a0036a4        0x4 ./src/sysinit.o
                0x1a0036a4                ExtRateIn
 .rodata.OscRateIn
                0x1a0036a8        0x4 ./src/sysinit.o
                0x1a0036a8                OscRateIn
 .rodata.periph_to_base
                0x1a0036ac       0x6c C:\Users\Leo\Documents\LPCXpresso_8.0.0_526\workspace\lpc_chip_43xx\Debug\liblpc_chip_43xx.a(clock_18xx_43xx.o)
 .rodata        0x1a003718        0xa C:\Users\Leo\Documents\LPCXpresso_8.0.0_526\workspace\lpc_chip_43xx\Debug\liblpc_chip_43xx.a(clock_18xx_43xx.o)
 *fill*         0x1a003722        0x2 
 .rodata.InitClkStates
                0x1a003724       0x48 C:\Users\Leo\Documents\LPCXpresso_8.0.0_526\workspace\lpc_chip_43xx\Debug\liblpc_chip_43xx.a(sysinit_18xx_43xx.o)
                0x1a00376c                . = ALIGN (0x4)

.glue_7         0x1a00376c        0x0
 .glue_7        0x00000000        0x0 linker stubs

.glue_7t        0x1a00376c        0x0
 .glue_7t       0x00000000        0x0 linker stubs

.vfp11_veneer   0x1a00376c        0x0
 .vfp11_veneer  0x00000000        0x0 linker stubs

.v4_bx          0x1a00376c        0x0
 .v4_bx         0x00000000        0x0 linker stubs

.iplt           0x1a00376c        0x0
 .iplt          0x00000000        0x0 ./src/Teclado.o

.rel.dyn        0x1a00376c        0x0
 .rel.iplt      0x00000000        0x0 ./src/Teclado.o

.ARM.extab
 *(.ARM.extab* .gnu.linkonce.armextab.*)
                0x1a00376c                __exidx_start = .

.ARM.exidx
 *(.ARM.exidx* .gnu.linkonce.armexidx.*)
                0x1a00376c                __exidx_end = .
                0x1a00376c                _etext = .

.data_RAM2      0x10080000        0x0 load address 0x1a00376c
 FILL mask 0xff
                0x10080000                PROVIDE (__start_data_RAM2, .)
 *(.ramfunc.$RAM2)
 *(.ramfunc.$RamLoc40)
 *(.data.$RAM2*)
 *(.data.$RamLoc40*)
                0x10080000                . = ALIGN (0x4)
                0x10080000                PROVIDE (__end_data_RAM2, .)

.data_RAM3      0x20000000        0x0 load address 0x1a00376c
 FILL mask 0xff
                0x20000000                PROVIDE (__start_data_RAM3, .)
 *(.ramfunc.$RAM3)
 *(.ramfunc.$RamAHB32)
 *(.data.$RAM3*)
 *(.data.$RamAHB32*)
                0x20000000                . = ALIGN (0x4)
                0x20000000                PROVIDE (__end_data_RAM3, .)

.data_RAM4      0x20008000        0x0 load address 0x1a00376c
 FILL mask 0xff
                0x20008000                PROVIDE (__start_data_RAM4, .)
 *(.ramfunc.$RAM4)
 *(.ramfunc.$RamAHB16)
 *(.data.$RAM4*)
 *(.data.$RamAHB16*)
                0x20008000                . = ALIGN (0x4)
                0x20008000                PROVIDE (__end_data_RAM4, .)

.data_RAM5      0x2000c000        0x0 load address 0x1a00376c
 FILL mask 0xff
                0x2000c000                PROVIDE (__start_data_RAM5, .)
 *(.ramfunc.$RAM5)
 *(.ramfunc.$RamAHB_ETB16)
 *(.data.$RAM5*)
 *(.data.$RamAHB_ETB16*)
                0x2000c000                . = ALIGN (0x4)
                0x2000c000                PROVIDE (__end_data_RAM5, .)

.uninit_RESERVED
                0x10000000        0x0
 *(.bss.$RESERVED*)
                0x10000000                . = ALIGN (0x4)
                0x10000000                _end_uninit_RESERVED = .

.data           0x10000000       0x2c load address 0x1a00376c
 FILL mask 0xff
                0x10000000                _data = .
 *(vtable)
 *(.ramfunc*)
 *(.data*)
 .data.keyboardRowsPinInfo
                0x10000000       0x14 ./src/Teclado.o
 .data.keyboardColsPinInfo
                0x10000014        0xf ./src/Teclado.o
 *fill*         0x10000023        0x1 
 .data.filas    0x10000024        0x4 ./src/TecladoMatricial.o
                0x10000024                filas
 .data.columnas
                0x10000028        0x4 ./src/TecladoMatricial.o
                0x10000028                columnas
                0x1000002c                . = ALIGN (0x4)
                0x1000002c                _edata = .

.igot.plt       0x1000002c        0x0 load address 0x1a003798
 .igot.plt      0x00000000        0x0 ./src/Teclado.o

.bss_RAM2       0x10080000        0x0
                0x10080000                PROVIDE (__start_bss_RAM2, .)
 *(.bss.$RAM2*)
 *(.bss.$RamLoc40*)
                0x10080000                . = ALIGN ((. != 0x0)?0x4:0x1)
                0x10080000                PROVIDE (__end_bss_RAM2, .)

.bss_RAM3       0x20000000        0x0
                0x20000000                PROVIDE (__start_bss_RAM3, .)
 *(.bss.$RAM3*)
 *(.bss.$RamAHB32*)
                0x20000000                . = ALIGN ((. != 0x0)?0x4:0x1)
                0x20000000                PROVIDE (__end_bss_RAM3, .)

.bss_RAM4       0x20008000        0x0
                0x20008000                PROVIDE (__start_bss_RAM4, .)
 *(.bss.$RAM4*)
 *(.bss.$RamAHB16*)
                0x20008000                . = ALIGN ((. != 0x0)?0x4:0x1)
                0x20008000                PROVIDE (__end_bss_RAM4, .)

.bss_RAM5       0x2000c000        0x0
                0x2000c000                PROVIDE (__start_bss_RAM5, .)
 *(.bss.$RAM5*)
 *(.bss.$RamAHB_ETB16*)
                0x2000c000                . = ALIGN ((. != 0x0)?0x4:0x1)
                0x2000c000                PROVIDE (__end_bss_RAM5, .)

.bss            0x1000002c       0x68
                0x1000002c                _bss = .
 *(.bss*)
 .bss.i         0x1000002c        0x4 ./src/Teclado.o
                0x1000002c                i
 .bss.r         0x10000030        0x4 ./src/Teclado.o
                0x10000030                r
 .bss.c         0x10000034        0x4 ./src/Teclado.o
                0x10000034                c
 .bss.keyboardInfo
                0x10000038       0x44 ./src/Teclado.o
 .bss.audio_usb_pll_freq
                0x1000007c        0x8 C:\Users\Leo\Documents\LPCXpresso_8.0.0_526\workspace\lpc_chip_43xx\Debug\liblpc_chip_43xx.a(clock_18xx_43xx.o)
 *(COMMON)
 COMMON         0x10000084        0x4 ./src/TecladoMatricial.o
                0x10000084                j
 COMMON         0x10000088        0x6 ./src/lcd.o
                0x10000088                data
 *fill*         0x1000008e        0x2 
 COMMON         0x10000090        0x4 C:\Users\Leo\Documents\LPCXpresso_8.0.0_526\workspace\lpc_chip_43xx\Debug\liblpc_chip_43xx.a(chip_18xx_43xx.o)
                0x10000090                SystemCoreClock
                0x10000094                . = ALIGN (0x4)
                0x10000094                _ebss = .
                0x10000094                PROVIDE (end, .)

.noinit_RAM2    0x10080000        0x0
 *(.noinit.$RAM2*)
 *(.noinit.$RamLoc40*)
                0x10080000                . = ALIGN (0x4)

.noinit_RAM3    0x20000000        0x0
 *(.noinit.$RAM3*)
 *(.noinit.$RamAHB32*)
                0x20000000                . = ALIGN (0x4)

.noinit_RAM4    0x20008000        0x0
 *(.noinit.$RAM4*)
 *(.noinit.$RamAHB16*)
                0x20008000                . = ALIGN (0x4)

.noinit_RAM5    0x2000c000        0x0
 *(.noinit.$RAM5*)
 *(.noinit.$RamAHB_ETB16*)
                0x2000c000                . = ALIGN (0x4)

.noinit         0x10000094        0x0
                0x10000094                _noinit = .
 *(.noinit*)
                0x10000094                . = ALIGN (0x4)
                0x10000094                _end_noinit = .
                0x10000094                PROVIDE (_pvHeapStart, DEFINED (__user_heap_base)?__user_heap_base:.)
                0x10008000                PROVIDE (_vStackTop, DEFINED (__user_stack_top)?__user_stack_top:(__top_RamLoc32 - 0x0))
                0x53ff6cbe                PROVIDE (__valid_user_code_checksum, (0x0 - ((((((_vStackTop + (ResetISR + 0x1)) + (NMI_Handler + 0x1)) + (HardFault_Handler + 0x1)) + (DEFINED (MemManage_Handler)?MemManage_Handler:0x0 + 0x1)) + (DEFINED (BusFault_Handler)?BusFault_Handler:0x0 + 0x1)) + (DEFINED (UsageFault_Handler)?UsageFault_Handler:0x0 + 0x1))))
OUTPUT(TecladoMatricial.axf elf32-littlearm)

.debug_info     0x00000000     0x50ec
 .debug_info    0x00000000      0xb73 ./src/Teclado.o
 .debug_info    0x00000b73      0x5ee ./src/TecladoMatricial.o
 .debug_info    0x00001161      0x292 ./src/cr_startup_lpc43xx.o
 .debug_info    0x000013f3       0x3f ./src/crp.o
 .debug_info    0x00001432      0x727 ./src/lcd.o
 .debug_info    0x00001b59      0x105 ./src/leds.o
 .debug_info    0x00001c5e      0x4c4 ./src/puertos.o
 .debug_info    0x00002122      0x5c2 ./src/sysinit.o
 .debug_info    0x000026e4      0xa2d C:\Users\Leo\Documents\LPCXpresso_8.0.0_526\workspace\lpc_chip_43xx\Debug\liblpc_chip_43xx.a(chip_18xx_43xx.o)
 .debug_info    0x00003111     0x13ae C:\Users\Leo\Documents\LPCXpresso_8.0.0_526\workspace\lpc_chip_43xx\Debug\liblpc_chip_43xx.a(clock_18xx_43xx.o)
 .debug_info    0x000044bf      0x128 C:\Users\Leo\Documents\LPCXpresso_8.0.0_526\workspace\lpc_chip_43xx\Debug\liblpc_chip_43xx.a(fpu_init.o)
 .debug_info    0x000045e7      0x42b C:\Users\Leo\Documents\LPCXpresso_8.0.0_526\workspace\lpc_chip_43xx\Debug\liblpc_chip_43xx.a(gpio_18xx_43xx.o)
 .debug_info    0x00004a12      0x6da C:\Users\Leo\Documents\LPCXpresso_8.0.0_526\workspace\lpc_chip_43xx\Debug\liblpc_chip_43xx.a(sysinit_18xx_43xx.o)

.debug_abbrev   0x00000000      0xee4
 .debug_abbrev  0x00000000      0x1fb ./src/Teclado.o
 .debug_abbrev  0x000001fb       0xcb ./src/TecladoMatricial.o
 .debug_abbrev  0x000002c6       0xed ./src/cr_startup_lpc43xx.o
 .debug_abbrev  0x000003b3       0x36 ./src/crp.o
 .debug_abbrev  0x000003e9      0x16d ./src/lcd.o
 .debug_abbrev  0x00000556       0x93 ./src/leds.o
 .debug_abbrev  0x000005e9      0x177 ./src/puertos.o
 .debug_abbrev  0x00000760       0xd9 ./src/sysinit.o
 .debug_abbrev  0x00000839      0x148 C:\Users\Leo\Documents\LPCXpresso_8.0.0_526\workspace\lpc_chip_43xx\Debug\liblpc_chip_43xx.a(chip_18xx_43xx.o)
 .debug_abbrev  0x00000981      0x2a1 C:\Users\Leo\Documents\LPCXpresso_8.0.0_526\workspace\lpc_chip_43xx\Debug\liblpc_chip_43xx.a(clock_18xx_43xx.o)
 .debug_abbrev  0x00000c22       0x84 C:\Users\Leo\Documents\LPCXpresso_8.0.0_526\workspace\lpc_chip_43xx\Debug\liblpc_chip_43xx.a(fpu_init.o)
 .debug_abbrev  0x00000ca6      0x111 C:\Users\Leo\Documents\LPCXpresso_8.0.0_526\workspace\lpc_chip_43xx\Debug\liblpc_chip_43xx.a(gpio_18xx_43xx.o)
 .debug_abbrev  0x00000db7      0x12d C:\Users\Leo\Documents\LPCXpresso_8.0.0_526\workspace\lpc_chip_43xx\Debug\liblpc_chip_43xx.a(sysinit_18xx_43xx.o)

.debug_aranges  0x00000000      0x438
 .debug_aranges
                0x00000000       0x70 ./src/Teclado.o
 .debug_aranges
                0x00000070       0x20 ./src/TecladoMatricial.o
 .debug_aranges
                0x00000090       0x80 ./src/cr_startup_lpc43xx.o
 .debug_aranges
                0x00000110       0x18 ./src/crp.o
 .debug_aranges
                0x00000128       0x50 ./src/lcd.o
 .debug_aranges
                0x00000178       0x30 ./src/leds.o
 .debug_aranges
                0x000001a8       0x48 ./src/puertos.o
 .debug_aranges
                0x000001f0       0x20 ./src/sysinit.o
 .debug_aranges
                0x00000210       0x40 C:\Users\Leo\Documents\LPCXpresso_8.0.0_526\workspace\lpc_chip_43xx\Debug\liblpc_chip_43xx.a(chip_18xx_43xx.o)
 .debug_aranges
                0x00000250      0x128 C:\Users\Leo\Documents\LPCXpresso_8.0.0_526\workspace\lpc_chip_43xx\Debug\liblpc_chip_43xx.a(clock_18xx_43xx.o)
 .debug_aranges
                0x00000378       0x20 C:\Users\Leo\Documents\LPCXpresso_8.0.0_526\workspace\lpc_chip_43xx\Debug\liblpc_chip_43xx.a(fpu_init.o)
 .debug_aranges
                0x00000398       0x68 C:\Users\Leo\Documents\LPCXpresso_8.0.0_526\workspace\lpc_chip_43xx\Debug\liblpc_chip_43xx.a(gpio_18xx_43xx.o)
 .debug_aranges
                0x00000400       0x38 C:\Users\Leo\Documents\LPCXpresso_8.0.0_526\workspace\lpc_chip_43xx\Debug\liblpc_chip_43xx.a(sysinit_18xx_43xx.o)

.debug_ranges   0x00000000      0x360
 .debug_ranges  0x00000000       0x60 ./src/Teclado.o
 .debug_ranges  0x00000060       0x10 ./src/TecladoMatricial.o
 .debug_ranges  0x00000070       0x70 ./src/cr_startup_lpc43xx.o
 .debug_ranges  0x000000e0       0x40 ./src/lcd.o
 .debug_ranges  0x00000120       0x20 ./src/leds.o
 .debug_ranges  0x00000140       0x38 ./src/puertos.o
 .debug_ranges  0x00000178       0x10 ./src/sysinit.o
 .debug_ranges  0x00000188       0x30 C:\Users\Leo\Documents\LPCXpresso_8.0.0_526\workspace\lpc_chip_43xx\Debug\liblpc_chip_43xx.a(chip_18xx_43xx.o)
 .debug_ranges  0x000001b8      0x118 C:\Users\Leo\Documents\LPCXpresso_8.0.0_526\workspace\lpc_chip_43xx\Debug\liblpc_chip_43xx.a(clock_18xx_43xx.o)
 .debug_ranges  0x000002d0       0x10 C:\Users\Leo\Documents\LPCXpresso_8.0.0_526\workspace\lpc_chip_43xx\Debug\liblpc_chip_43xx.a(fpu_init.o)
 .debug_ranges  0x000002e0       0x58 C:\Users\Leo\Documents\LPCXpresso_8.0.0_526\workspace\lpc_chip_43xx\Debug\liblpc_chip_43xx.a(gpio_18xx_43xx.o)
 .debug_ranges  0x00000338       0x28 C:\Users\Leo\Documents\LPCXpresso_8.0.0_526\workspace\lpc_chip_43xx\Debug\liblpc_chip_43xx.a(sysinit_18xx_43xx.o)

.debug_macro    0x00000000     0x6c9b
 .debug_macro   0x00000000      0x2fb ./src/Teclado.o
 .debug_macro   0x000002fb      0x898 ./src/Teclado.o
 .debug_macro   0x00000b93       0x10 ./src/Teclado.o
 .debug_macro   0x00000ba3      0x12d ./src/Teclado.o
 .debug_macro   0x00000cd0      0x5b2 ./src/Teclado.o
 .debug_macro   0x00001282       0x10 ./src/Teclado.o
 .debug_macro   0x00001292       0x22 ./src/Teclado.o
 .debug_macro   0x000012b4       0x7b ./src/Teclado.o
 .debug_macro   0x0000132f       0x28 ./src/Teclado.o
 .debug_macro   0x00001357       0x3b ./src/Teclado.o
 .debug_macro   0x00001392       0x2d ./src/Teclado.o
 .debug_macro   0x000013bf       0x42 ./src/Teclado.o
 .debug_macro   0x00001401      0xd39 ./src/Teclado.o
 .debug_macro   0x0000213a      0x2bc ./src/Teclado.o
 .debug_macro   0x000023f6      0x112 ./src/Teclado.o
 .debug_macro   0x00002508       0x11 ./src/Teclado.o
 .debug_macro   0x00002519       0x1e ./src/Teclado.o
 .debug_macro   0x00002537       0x16 ./src/Teclado.o
 .debug_macro   0x0000254d      0x2e6 ./src/Teclado.o
 .debug_macro   0x00002833       0x82 ./src/Teclado.o
 .debug_macro   0x000028b5      0x13d ./src/Teclado.o
 .debug_macro   0x000029f2      0x198 ./src/Teclado.o
 .debug_macro   0x00002b8a       0x34 ./src/Teclado.o
 .debug_macro   0x00002bbe       0x58 ./src/Teclado.o
 .debug_macro   0x00002c16      0x236 ./src/Teclado.o
 .debug_macro   0x00002e4c      0x572 ./src/Teclado.o
 .debug_macro   0x000033be       0x16 ./src/Teclado.o
 .debug_macro   0x000033d4      0x18a ./src/Teclado.o
 .debug_macro   0x0000355e       0x88 ./src/Teclado.o
 .debug_macro   0x000035e6      0x1b9 ./src/Teclado.o
 .debug_macro   0x0000379f      0x1da ./src/Teclado.o
 .debug_macro   0x00003979       0x40 ./src/Teclado.o
 .debug_macro   0x000039b9       0x1c ./src/Teclado.o
 .debug_macro   0x000039d5       0x2e ./src/Teclado.o
 .debug_macro   0x00003a03       0x2e ./src/Teclado.o
 .debug_macro   0x00003a31       0x22 ./src/Teclado.o
 .debug_macro   0x00003a53      0x201 ./src/Teclado.o
 .debug_macro   0x00003c54       0xe0 ./src/Teclado.o
 .debug_macro   0x00003d34      0x34c ./src/Teclado.o
 .debug_macro   0x00004080       0xdc ./src/Teclado.o
 .debug_macro   0x0000415c       0x94 ./src/Teclado.o
 .debug_macro   0x000041f0       0xb8 ./src/Teclado.o
 .debug_macro   0x000042a8       0x4c ./src/Teclado.o
 .debug_macro   0x000042f4       0x16 ./src/Teclado.o
 .debug_macro   0x0000430a      0x328 ./src/Teclado.o
 .debug_macro   0x00004632       0x3a ./src/Teclado.o
 .debug_macro   0x0000466c       0xd0 ./src/Teclado.o
 .debug_macro   0x0000473c       0x18 ./src/Teclado.o
 .debug_macro   0x00004754       0x22 ./src/Teclado.o
 .debug_macro   0x00004776       0x40 ./src/Teclado.o
 .debug_macro   0x000047b6       0x34 ./src/Teclado.o
 .debug_macro   0x000047ea      0x327 ./src/TecladoMatricial.o
 .debug_macro   0x00004b11       0x82 ./src/TecladoMatricial.o
 .debug_macro   0x00004b93       0x2e ./src/TecladoMatricial.o
 .debug_macro   0x00004bc1       0x28 ./src/TecladoMatricial.o
 .debug_macro   0x00004be9       0x1c ./src/TecladoMatricial.o
 .debug_macro   0x00004c05       0x10 ./src/TecladoMatricial.o
 .debug_macro   0x00004c15       0x1d ./src/cr_startup_lpc43xx.o
 .debug_macro   0x00004c32       0x1a ./src/crp.o
 .debug_macro   0x00004c4c       0x34 ./src/crp.o
 .debug_macro   0x00004c80      0x2e6 ./src/lcd.o
 .debug_macro   0x00004f66      0x2e2 ./src/leds.o
 .debug_macro   0x00005248      0x2f7 ./src/puertos.o
 .debug_macro   0x0000553f      0x2d0 ./src/sysinit.o
 .debug_macro   0x0000580f      0x2d0 C:\Users\Leo\Documents\LPCXpresso_8.0.0_526\workspace\lpc_chip_43xx\Debug\liblpc_chip_43xx.a(chip_18xx_43xx.o)
 .debug_macro   0x00005adf      0x886 C:\Users\Leo\Documents\LPCXpresso_8.0.0_526\workspace\lpc_chip_43xx\Debug\liblpc_chip_43xx.a(chip_18xx_43xx.o)
 .debug_macro   0x00006365      0x2d6 C:\Users\Leo\Documents\LPCXpresso_8.0.0_526\workspace\lpc_chip_43xx\Debug\liblpc_chip_43xx.a(clock_18xx_43xx.o)
 .debug_macro   0x0000663b       0xc0 C:\Users\Leo\Documents\LPCXpresso_8.0.0_526\workspace\lpc_chip_43xx\Debug\liblpc_chip_43xx.a(fpu_init.o)
 .debug_macro   0x000066fb      0x2d0 C:\Users\Leo\Documents\LPCXpresso_8.0.0_526\workspace\lpc_chip_43xx\Debug\liblpc_chip_43xx.a(gpio_18xx_43xx.o)
 .debug_macro   0x000069cb      0x2d0 C:\Users\Leo\Documents\LPCXpresso_8.0.0_526\workspace\lpc_chip_43xx\Debug\liblpc_chip_43xx.a(sysinit_18xx_43xx.o)

.debug_line     0x00000000     0x4ccd
 .debug_line    0x00000000      0x782 ./src/Teclado.o
 .debug_line    0x00000782      0x737 ./src/TecladoMatricial.o
 .debug_line    0x00000eb9       0xfa ./src/cr_startup_lpc43xx.o
 .debug_line    0x00000fb3       0x78 ./src/crp.o
 .debug_line    0x0000102b      0x781 ./src/lcd.o
 .debug_line    0x000017ac      0x670 ./src/leds.o
 .debug_line    0x00001e1c      0xac9 ./src/puertos.o
 .debug_line    0x000028e5      0x5cf ./src/sysinit.o
 .debug_line    0x00002eb4      0x636 C:\Users\Leo\Documents\LPCXpresso_8.0.0_526\workspace\lpc_chip_43xx\Debug\liblpc_chip_43xx.a(chip_18xx_43xx.o)
 .debug_line    0x000034ea      0x93d C:\Users\Leo\Documents\LPCXpresso_8.0.0_526\workspace\lpc_chip_43xx\Debug\liblpc_chip_43xx.a(clock_18xx_43xx.o)
 .debug_line    0x00003e27      0x1fa C:\Users\Leo\Documents\LPCXpresso_8.0.0_526\workspace\lpc_chip_43xx\Debug\liblpc_chip_43xx.a(fpu_init.o)
 .debug_line    0x00004021      0x687 C:\Users\Leo\Documents\LPCXpresso_8.0.0_526\workspace\lpc_chip_43xx\Debug\liblpc_chip_43xx.a(gpio_18xx_43xx.o)
 .debug_line    0x000046a8      0x625 C:\Users\Leo\Documents\LPCXpresso_8.0.0_526\workspace\lpc_chip_43xx\Debug\liblpc_chip_43xx.a(sysinit_18xx_43xx.o)

.debug_str      0x00000000    0x16d8b
 .debug_str     0x00000000    0x15936 ./src/Teclado.o
                              0x15a3d (size before relaxing)
 .debug_str     0x00015936      0x555 ./src/TecladoMatricial.o
                              0x15ca6 (size before relaxing)
 .debug_str     0x00015e8b      0x1de ./src/cr_startup_lpc43xx.o
                               0x271f (size before relaxing)
 .debug_str     0x00016069       0xe9 ./src/crp.o
                               0x2616 (size before relaxing)
 .debug_str     0x00016152       0x8a ./src/lcd.o
                              0x15828 (size before relaxing)
 .debug_str     0x000161dc       0x2d ./src/leds.o
                              0x14da2 (size before relaxing)
 .debug_str     0x00016209       0x58 ./src/puertos.o
                              0x14e8a (size before relaxing)
 .debug_str     0x00016261       0x2f ./src/sysinit.o
                              0x1574e (size before relaxing)
 .debug_str     0x00016290      0x2c1 C:\Users\Leo\Documents\LPCXpresso_8.0.0_526\workspace\lpc_chip_43xx\Debug\liblpc_chip_43xx.a(chip_18xx_43xx.o)
                              0x15a0f (size before relaxing)
 .debug_str     0x00016551      0x5e8 C:\Users\Leo\Documents\LPCXpresso_8.0.0_526\workspace\lpc_chip_43xx\Debug\liblpc_chip_43xx.a(clock_18xx_43xx.o)
                              0x15f58 (size before relaxing)
 .debug_str     0x00016b39       0xb5 C:\Users\Leo\Documents\LPCXpresso_8.0.0_526\workspace\lpc_chip_43xx\Debug\liblpc_chip_43xx.a(fpu_init.o)
                               0x9904 (size before relaxing)
 .debug_str     0x00016bee       0xec C:\Users\Leo\Documents\LPCXpresso_8.0.0_526\workspace\lpc_chip_43xx\Debug\liblpc_chip_43xx.a(gpio_18xx_43xx.o)
                              0x14e07 (size before relaxing)
 .debug_str     0x00016cda       0xb1 C:\Users\Leo\Documents\LPCXpresso_8.0.0_526\workspace\lpc_chip_43xx\Debug\liblpc_chip_43xx.a(sysinit_18xx_43xx.o)
                              0x158b7 (size before relaxing)

.comment        0x00000000       0xe0
 .comment       0x00000000       0x70 ./src/Teclado.o
                                 0x71 (size before relaxing)
 .comment       0x00000000       0x71 ./src/TecladoMatricial.o
 .comment       0x00000000       0x71 ./src/cr_startup_lpc43xx.o
 .comment       0x00000000       0x71 ./src/crp.o
 .comment       0x00000000       0x71 ./src/lcd.o
 .comment       0x00000000       0x71 ./src/leds.o
 .comment       0x00000000       0x71 ./src/puertos.o
 .comment       0x00000000       0x71 ./src/sysinit.o
 .comment       0x00000000       0x71 C:\Users\Leo\Documents\LPCXpresso_8.0.0_526\workspace\lpc_chip_43xx\Debug\liblpc_chip_43xx.a(chip_18xx_43xx.o)
 .comment       0x00000000       0x71 C:\Users\Leo\Documents\LPCXpresso_8.0.0_526\workspace\lpc_chip_43xx\Debug\liblpc_chip_43xx.a(clock_18xx_43xx.o)
 .comment       0x00000000       0x71 C:\Users\Leo\Documents\LPCXpresso_8.0.0_526\workspace\lpc_chip_43xx\Debug\liblpc_chip_43xx.a(fpu_init.o)
 .comment       0x00000000       0x71 C:\Users\Leo\Documents\LPCXpresso_8.0.0_526\workspace\lpc_chip_43xx\Debug\liblpc_chip_43xx.a(gpio_18xx_43xx.o)
 .comment       0x00000000       0x71 C:\Users\Leo\Documents\LPCXpresso_8.0.0_526\workspace\lpc_chip_43xx\Debug\liblpc_chip_43xx.a(sysinit_18xx_43xx.o)
 .comment       0x00000070       0x70 c:/nxp/lpcxpresso_8.0.0_526/lpcxpresso/tools/bin/../lib/gcc/arm-none-eabi/4.9.3/../../../../arm-none-eabi/lib/armv7e-m/softfp\libcr_c.a(__weak__main.o)
                                 0x71 (size before relaxing)

.ARM.attributes
                0x00000000       0x37
 .ARM.attributes
                0x00000000       0x37 ./src/Teclado.o
 .ARM.attributes
                0x00000037       0x37 ./src/TecladoMatricial.o
 .ARM.attributes
                0x0000006e       0x37 ./src/cr_startup_lpc43xx.o
 .ARM.attributes
                0x000000a5       0x37 ./src/crp.o
 .ARM.attributes
                0x000000dc       0x37 ./src/lcd.o
 .ARM.attributes
                0x00000113       0x37 ./src/leds.o
 .ARM.attributes
                0x0000014a       0x37 ./src/puertos.o
 .ARM.attributes
                0x00000181       0x37 ./src/sysinit.o
 .ARM.attributes
                0x000001b8       0x37 C:\Users\Leo\Documents\LPCXpresso_8.0.0_526\workspace\lpc_chip_43xx\Debug\liblpc_chip_43xx.a(chip_18xx_43xx.o)
 .ARM.attributes
                0x000001ef       0x37 C:\Users\Leo\Documents\LPCXpresso_8.0.0_526\workspace\lpc_chip_43xx\Debug\liblpc_chip_43xx.a(clock_18xx_43xx.o)
 .ARM.attributes
                0x00000226       0x37 C:\Users\Leo\Documents\LPCXpresso_8.0.0_526\workspace\lpc_chip_43xx\Debug\liblpc_chip_43xx.a(fpu_init.o)
 .ARM.attributes
                0x0000025d       0x37 C:\Users\Leo\Documents\LPCXpresso_8.0.0_526\workspace\lpc_chip_43xx\Debug\liblpc_chip_43xx.a(gpio_18xx_43xx.o)
 .ARM.attributes
                0x00000294       0x37 C:\Users\Leo\Documents\LPCXpresso_8.0.0_526\workspace\lpc_chip_43xx\Debug\liblpc_chip_43xx.a(sysinit_18xx_43xx.o)
 .ARM.attributes
                0x000002cb       0x37 c:/nxp/lpcxpresso_8.0.0_526/lpcxpresso/tools/bin/../lib/gcc/arm-none-eabi/4.9.3/../../../../arm-none-eabi/lib/armv7e-m/softfp\libcr_c.a(__weak__main.o)

.debug_frame    0x00000000      0xe04
 .debug_frame   0x00000000      0x1b8 ./src/Teclado.o
 .debug_frame   0x000001b8       0x2c ./src/TecladoMatricial.o
 .debug_frame   0x000001e4      0x170 ./src/cr_startup_lpc43xx.o
 .debug_frame   0x00000354      0x100 ./src/lcd.o
 .debug_frame   0x00000454       0x74 ./src/leds.o
 .debug_frame   0x000004c8      0x100 ./src/puertos.o
 .debug_frame   0x000005c8       0x34 ./src/sysinit.o
 .debug_frame   0x000005fc       0xa0 C:\Users\Leo\Documents\LPCXpresso_8.0.0_526\workspace\lpc_chip_43xx\Debug\liblpc_chip_43xx.a(chip_18xx_43xx.o)
 .debug_frame   0x0000069c      0x50c C:\Users\Leo\Documents\LPCXpresso_8.0.0_526\workspace\lpc_chip_43xx\Debug\liblpc_chip_43xx.a(clock_18xx_43xx.o)
 .debug_frame   0x00000ba8       0x38 C:\Users\Leo\Documents\LPCXpresso_8.0.0_526\workspace\lpc_chip_43xx\Debug\liblpc_chip_43xx.a(fpu_init.o)
 .debug_frame   0x00000be0      0x198 C:\Users\Leo\Documents\LPCXpresso_8.0.0_526\workspace\lpc_chip_43xx\Debug\liblpc_chip_43xx.a(gpio_18xx_43xx.o)
 .debug_frame   0x00000d78       0x8c C:\Users\Leo\Documents\LPCXpresso_8.0.0_526\workspace\lpc_chip_43xx\Debug\liblpc_chip_43xx.a(sysinit_18xx_43xx.o)
